2026-05-30 12:51:09,469 - ai-engine - INFO - AI Engine API starting up
2026-05-30 12:51:09,470 - ai-engine - INFO - BackendAPIClient initialized with base URL: http://localhost:8000
2026-05-30 12:51:09,470 - ai-engine - INFO - AI Engine initialized
2026-05-30 12:51:09,470 - ai-engine - INFO - AI Engine initialized successfully
2026-05-30 13:05:41,176 - ai-engine - ERROR - Error processing frame: 400: Invalid image file
2026-05-30 13:10:18,525 - ai-engine - ERROR - Error processing frame: 400: Invalid image file
2026-05-30 13:16:20,578 - ai-engine - INFO - YOLOv8 model 'yolov8m.pt' loaded successfully
2026-05-30 13:16:20,578 - ai-engine - INFO - PeopleCounter module initialized
2026-05-30 13:16:20,579 - ai-engine - INFO - DensityEstimator initialized with capacity: 100
2026-05-30 13:16:20,658 - ai-engine - INFO - FaceBlur module initialized
2026-05-30 13:16:20,658 - ai-engine - INFO - AlertGenerator module initialized
2026-05-30 13:16:20,658 - ai-engine - INFO - VideoProcessor initialized for camera: 1
2026-05-30 13:16:20,658 - ai-engine - INFO - Created processor for camera: 1
2026-05-30 13:18:42,977 - ai-engine - INFO - Processing video: 341 frames at 25 FPS
2026-05-30 13:18:48,985 - ai-engine - INFO - Frame 5: 15 people, low density
2026-05-30 13:18:49,987 - ai-engine - INFO - Frame 10: 15 people, low density
2026-05-30 13:18:50,625 - ai-engine - INFO - Frame 15: 15 people, low density
2026-05-30 13:18:51,259 - ai-engine - INFO - Frame 20: 15 people, low density
2026-05-30 13:18:51,715 - ai-engine - INFO - Frame 25: 16 people, low density
2026-05-30 13:18:52,149 - ai-engine - INFO - Frame 30: 14 people, low density
2026-05-30 13:18:52,578 - ai-engine - INFO - Frame 35: 15 people, low density
2026-05-30 13:18:53,006 - ai-engine - INFO - Frame 40: 16 people, low density
2026-05-30 13:18:53,429 - ai-engine - INFO - Frame 45: 17 people, low density
2026-05-30 13:18:53,855 - ai-engine - INFO - Frame 50: 14 people, low density
2026-05-30 13:18:54,309 - ai-engine - INFO - Frame 55: 18 people, low density
2026-05-30 13:18:54,786 - ai-engine - INFO - Frame 60: 15 people, low density
2026-05-30 13:18:55,277 - ai-engine - INFO - Frame 65: 15 people, low density
2026-05-30 13:18:55,904 - ai-engine - INFO - Frame 70: 16 people, low density
2026-05-30 13:18:56,625 - ai-engine - INFO - Frame 75: 21 people, low density
2026-05-30 13:18:57,334 - ai-engine - INFO - Frame 80: 18 people, low density
2026-05-30 13:18:57,959 - ai-engine - INFO - Frame 85: 17 people, low density
2026-05-30 13:18:58,783 - ai-engine - INFO - Frame 90: 17 people, low density
2026-05-30 13:18:59,504 - ai-engine - INFO - Frame 95: 18 people, low density
2026-05-30 13:19:00,138 - ai-engine - INFO - Frame 100: 15 people, low density
2026-05-30 13:19:00,869 - ai-engine - INFO - Frame 105: 19 people, low density
2026-05-30 13:19:01,408 - ai-engine - INFO - Frame 110: 15 people, low density
2026-05-30 13:19:01,898 - ai-engine - INFO - Frame 115: 15 people, low density
2026-05-30 13:19:02,470 - ai-engine - INFO - Frame 120: 14 people, low density
2026-05-30 13:19:02,948 - ai-engine - INFO - Frame 125: 16 people, low density
2026-05-30 13:19:03,453 - ai-engine - INFO - Frame 130: 15 people, low density
2026-05-30 13:19:03,925 - ai-engine - INFO - Frame 135: 12 people, low density
2026-05-30 13:19:04,383 - ai-engine - INFO - Frame 140: 13 people, low density
2026-05-30 13:19:04,905 - ai-engine - INFO - Frame 145: 13 people, low density
2026-05-30 13:19:05,420 - ai-engine - INFO - Frame 150: 15 people, low density
2026-05-30 13:19:05,892 - ai-engine - INFO - Frame 155: 16 people, low density
2026-05-30 13:19:06,373 - ai-engine - INFO - Frame 160: 16 people, low density
2026-05-30 13:19:06,798 - ai-engine - INFO - Frame 165: 16 people, low density
2026-05-30 13:19:07,245 - ai-engine - INFO - Frame 170: 18 people, low density
2026-05-30 13:19:07,691 - ai-engine - INFO - Frame 175: 16 people, low density
2026-05-30 13:19:08,209 - ai-engine - INFO - Frame 180: 18 people, low density
2026-05-30 13:19:08,728 - ai-engine - INFO - Frame 185: 19 people, low density
2026-05-30 13:19:09,169 - ai-engine - INFO - Frame 190: 18 people, low density
2026-05-30 13:19:09,783 - ai-engine - INFO - Frame 195: 20 people, low density
2026-05-30 13:19:10,355 - ai-engine - INFO - Frame 200: 17 people, low density
2026-05-30 13:19:10,867 - ai-engine - INFO - Frame 205: 18 people, low density
2026-05-30 13:19:11,343 - ai-engine - INFO - Frame 210: 17 people, low density
2026-05-30 13:19:11,814 - ai-engine - INFO - Frame 215: 17 people, low density
2026-05-30 13:19:12,294 - ai-engine - INFO - Frame 220: 17 people, low density
2026-05-30 13:19:12,736 - ai-engine - INFO - Frame 225: 16 people, low density
2026-05-30 13:19:13,186 - ai-engine - INFO - Frame 230: 16 people, low density
2026-05-30 13:19:13,643 - ai-engine - INFO - Frame 235: 17 people, low density
2026-05-30 13:19:14,126 - ai-engine - INFO - Frame 240: 17 people, low density
2026-05-30 13:19:14,591 - ai-engine - INFO - Frame 245: 15 people, low density
2026-05-30 13:19:15,036 - ai-engine - INFO - Frame 250: 17 people, low density
2026-05-30 13:19:15,487 - ai-engine - INFO - Frame 255: 18 people, low density
2026-05-30 13:19:15,970 - ai-engine - INFO - Frame 260: 20 people, low density
2026-05-30 13:19:16,507 - ai-engine - INFO - Frame 265: 16 people, low density
2026-05-30 13:19:17,029 - ai-engine - INFO - Frame 270: 17 people, low density
2026-05-30 13:19:17,466 - ai-engine - INFO - Frame 275: 18 people, low density
2026-05-30 13:19:17,918 - ai-engine - INFO - Frame 280: 16 people, low density
2026-05-30 13:19:18,409 - ai-engine - INFO - Frame 285: 14 people, low density
2026-05-30 13:19:18,910 - ai-engine - INFO - Frame 290: 16 people, low density
2026-05-30 13:19:19,369 - ai-engine - INFO - Frame 295: 17 people, low density
2026-05-30 13:19:19,945 - ai-engine - INFO - Frame 300: 16 people, low density
2026-05-30 13:19:20,605 - ai-engine - INFO - Frame 305: 17 people, low density
2026-05-30 13:19:21,285 - ai-engine - INFO - Frame 310: 19 people, low density
2026-05-30 13:19:21,977 - ai-engine - INFO - Frame 315: 18 people, low density
2026-05-30 13:19:22,628 - ai-engine - INFO - Frame 320: 19 people, low density
2026-05-30 13:19:23,284 - ai-engine - INFO - Frame 325: 17 people, low density
2026-05-30 13:19:23,874 - ai-engine - INFO - Frame 330: 20 people, low density
2026-05-30 13:19:24,557 - ai-engine - INFO - Frame 335: 17 people, low density
2026-05-30 13:19:25,196 - ai-engine - INFO - Frame 340: 15 people, low density
2026-05-30 13:19:25,212 - ai-engine - INFO - Video processing complete: {'video_path': 'C:\\Users\\rosha\\AppData\\Local\\Temp\\tmpx4oh_wod.mp4', 'total_frames': 341, 'processed_frames': 341, 'fps': 25, 'duration_seconds': 13.64, 'total_detections': 68, 'total_alerts': 0, 'alerts': [], 'avg_density': 16.47, 'max_density': 21.0, 'min_density': 12.0}
2026-05-30 13:19:25,213 - ai-engine - INFO - Video processing completed for 1: {'video_path': 'C:\\Users\\rosha\\AppData\\Local\\Temp\\tmpx4oh_wod.mp4', 'total_frames': 341, 'processed_frames': 341, 'fps': 25, 'duration_seconds': 13.64, 'total_detections': 68, 'total_alerts': 0, 'alerts': [], 'avg_density': 16.47, 'max_density': 21.0, 'min_density': 12.0}
2026-05-30 13:19:41,604 - ai-engine - INFO - AI Engine API starting up
2026-05-30 13:19:41,604 - ai-engine - INFO - BackendAPIClient initialized with base URL: http://localhost:8000
2026-05-30 13:19:41,605 - ai-engine - INFO - AI Engine initialized
2026-05-30 13:19:41,605 - ai-engine - INFO - AI Engine initialized successfully
2026-05-30 13:19:42,024 - ai-engine - INFO - YOLOv8 model 'yolov8m.pt' loaded successfully
2026-05-30 13:19:42,024 - ai-engine - INFO - PeopleCounter module initialized
2026-05-30 13:19:42,024 - ai-engine - INFO - DensityEstimator initialized with capacity: 100
2026-05-30 13:19:42,075 - ai-engine - INFO - FaceBlur module initialized
2026-05-30 13:19:42,075 - ai-engine - INFO - AlertGenerator module initialized
2026-05-30 13:19:42,076 - ai-engine - INFO - VideoProcessor initialized for camera: temp_info
2026-05-30 13:19:42,076 - ai-engine - INFO - Created processor for camera: temp_info
2026-05-30 13:40:01,886 - ai-engine - INFO - AlertGenerator module initialized
2026-05-30 13:40:01,887 - ai-engine - INFO - Alert cooldown updated to 2 seconds
2026-05-30 13:40:01,892 - ai-engine - WARNING - Alert generated - Camera: camera_001, Severity: critical, Density: 90%
2026-05-30 13:40:01,892 - ai-engine - INFO - AlertGenerator module initialized
2026-05-30 13:40:01,892 - ai-engine - WARNING - Alert generated - Camera: camera_001, Severity: high, Density: 75%
2026-05-30 13:40:01,892 - ai-engine - INFO - AlertGenerator module initialized
2026-05-30 13:40:02,306 - ai-engine - INFO - BackendAPIClient initialized with base URL: http://localhost:8000
2026-05-30 13:40:02,335 - ai-engine - INFO - DensityEstimator initialized with capacity: 100
2026-05-30 13:40:02,335 - ai-engine - INFO - DensityEstimator initialized with capacity: 100
2026-05-30 13:40:02,335 - ai-engine - INFO - DensityEstimator initialized with capacity: 100
2026-05-30 13:40:02,336 - ai-engine - INFO - PeopleCounter module initialized
2026-05-30 13:40:02,336 - ai-engine - INFO - PeopleCounter module initialized
2026-05-30 13:46:08,148 - ai-engine - INFO - AI Engine API starting up
2026-05-30 13:46:08,149 - ai-engine - INFO - BackendAPIClient initialized with base URL: http://localhost:8000
2026-05-30 13:46:08,149 - ai-engine - INFO - AI Engine initialized
2026-05-30 13:46:08,149 - ai-engine - INFO - AI Engine initialized successfully
2026-05-30 15:27:43,693 - ai-engine - INFO - AI Engine API starting up
2026-05-30 15:27:43,694 - ai-engine - INFO - BackendAPIClient initialized with base URL: http://localhost:8000
2026-05-30 15:27:43,694 - ai-engine - INFO - AI Engine initialized
2026-05-30 15:27:43,694 - ai-engine - INFO - AI Engine initialized successfully
2026-05-31 14:08:12,505 - ai-engine - INFO - AI Engine API starting up
2026-05-31 14:08:12,506 - ai-engine - INFO - BackendAPIClient initialized with base URL: http://localhost:8000
2026-05-31 14:08:12,506 - ai-engine - INFO - AI Engine initialized
2026-05-31 14:08:12,506 - ai-engine - INFO - AI Engine initialized successfully
2026-08-28 10:31:29,276 - ai-engine - INFO - AI Engine API starting up
2026-08-28 10:31:29,279 - ai-engine - INFO - BackendAPIClient initialized with base URL: http://localhost:8000
2026-08-28 10:31:29,280 - ai-engine - INFO - AI Engine initialized
2026-08-28 10:31:29,280 - ai-engine - INFO - AI Engine initialized successfully
2026-08-28 11:12:04,658 - ai-engine - INFO - YOLOv8 model 'yolov8m.pt' loaded successfully
2026-08-28 11:12:04,659 - ai-engine - INFO - PeopleCounter module initialized
2026-08-28 11:12:04,659 - ai-engine - INFO - DensityEstimator initialized with capacity: 10
2026-08-28 11:12:04,687 - ai-engine - INFO - FaceBlur module initialized
2026-08-28 11:12:04,688 - ai-engine - INFO - AlertGenerator module initialized
2026-08-28 11:12:04,688 - ai-engine - INFO - VideoProcessor initialized for camera: smoke_test_camera
2026-08-28 11:12:04,694 - ai-engine - INFO - Processing video: 96 frames at 24 FPS
2026-08-28 11:12:14,589 - ai-engine - INFO - Frame 5: 4 people, medium density
2026-08-28 11:12:15,122 - ai-engine - INFO - Frame 10: 4 people, medium density
2026-08-28 11:12:15,625 - ai-engine - INFO - Frame 15: 4 people, medium density
2026-08-28 11:12:16,138 - ai-engine - INFO - Frame 20: 4 people, medium density
2026-08-28 11:12:16,656 - ai-engine - INFO - Frame 25: 4 people, medium density
2026-08-28 11:12:17,185 - ai-engine - INFO - Frame 30: 4 people, medium density
2026-08-28 11:12:17,694 - ai-engine - INFO - Frame 35: 4 people, medium density
2026-08-28 11:12:18,225 - ai-engine - INFO - Frame 40: 4 people, medium density
2026-08-28 11:12:18,772 - ai-engine - INFO - Frame 45: 4 people, medium density
2026-08-28 11:12:19,308 - ai-engine - INFO - Frame 50: 4 people, medium density
2026-08-28 11:12:19,835 - ai-engine - INFO - Frame 55: 4 people, medium density
2026-08-28 11:12:20,379 - ai-engine - INFO - Frame 60: 4 people, medium density
2026-08-28 11:12:20,925 - ai-engine - INFO - Frame 65: 4 people, medium density
2026-08-28 11:12:21,454 - ai-engine - INFO - Frame 70: 4 people, medium density
2026-08-28 11:12:22,006 - ai-engine - INFO - Frame 75: 4 people, medium density
2026-08-28 11:12:22,541 - ai-engine - INFO - Frame 80: 4 people, medium density
2026-08-28 11:12:23,095 - ai-engine - INFO - Frame 85: 4 people, medium density
2026-08-28 11:12:23,617 - ai-engine - INFO - Frame 90: 4 people, medium density
2026-08-28 11:12:24,132 - ai-engine - INFO - Frame 95: 4 people, medium density
2026-08-28 11:12:24,143 - ai-engine - INFO - Video processing complete: {'video_path': 'c:\\Users\\nithe\\OneDrive\\Desktop\\AI-crowd-density-Estimator\\frontend\\public\\videos\\sample-crowd.mp4', 'total_frames': 96, 'processed_frames': 96, 'fps': 24, 'duration_seconds': 4.0, 'total_detections': 19, 'total_alerts': 0, 'alerts': [], 'avg_density': 40.0, 'max_density': 40.0, 'min_density': 40.0}
